// Jest Snapshot v1, https://goo.gl/fbAQLP

exports[`App renders correctly 1`] = `
<div
  className="MuiGrid-container-1 MuiGrid-justify-xs-center-18"
>
  <div
    className="MuiGrid-item-2 MuiGrid-grid-xs-11-40"
  >
    <div
      className="MuiPaper-root-98 MuiPaper-elevation24-124 MuiPaper-rounded-99"
    >
      <div
        className="container"
      >
        <div
          className="MuiGrid-container-1 MuiGrid-justify-xs-center-18"
        >
          <h3>
            Random Phone Number Generator
          </h3>
        </div>
        <div
          className="MuiGrid-container-1 MuiGrid-justify-xs-space-evenly-22"
        >
          <div
            className="MuiGrid-item-2 MuiGrid-grid-xs-9-38"
          >
            <div
              className="MuiFormControl-root-125 MuiFormControl-fullWidth-128"
            >
              <div
                className="MuiInputBase-root-142 MuiInput-root-129 MuiInput-underline-133 MuiInputBase-fullWidth-151 MuiInput-fullWidth-136 MuiInputBase-formControl-143 MuiInput-formControl-130"
                onClick={[Function]}
              >
                <input
                  aria-invalid={false}
                  className="MuiInputBase-input-152 MuiInput-input-137 MuiInputBase-inputType-155 MuiInput-inputType-140"
                  disabled={false}
                  name="generateNumber"
                  onBlur={[Function]}
                  onChange={[Function]}
                  onFocus={[Function]}
                  placeholder="Enter number between 0 and 10000"
                  required={false}
                  type="number"
                  value=""
                />
              </div>
            </div>
          </div>
          <div
            className="MuiGrid-item-2 MuiGrid-grid-xs-3-32"
          >
            <button
              className="MuiButtonBase-root-185 MuiButtonBase-disabled-186 MuiButton-root-159 MuiButton-text-161 MuiButton-flat-164 MuiButton-disabled-179"
              disabled={true}
              onBlur={[Function]}
              onClick={[Function]}
              onContextMenu={[Function]}
              onFocus={[Function]}
              onKeyDown={[Function]}
              onKeyUp={[Function]}
              onMouseDown={[Function]}
              onMouseLeave={[Function]}
              onMouseUp={[Function]}
              onTouchEnd={[Function]}
              onTouchMove={[Function]}
              onTouchStart={[Function]}
              tabIndex="-1"
              type="button"
            >
              <span
                className="MuiButton-label-160"
              >
                Generate
              </span>
            </button>
          </div>
        </div>
        <div
          className="MuiGrid-container-1"
        >
          <br />
          <span
            className="error"
          />
          <br />
        </div>
        <div
          className="MuiGrid-container-1 MuiGrid-align-items-xs-center-9"
        >
          <div
            className="MuiGrid-item-2 MuiGrid-grid-xs-7-36"
          >
            <div
              className="MuiFormControl-root-125"
              style={
                Object {
                  "width": "100%",
                }
              }
            >
              <label
                className="MuiFormLabel-root-199 MuiInputLabel-root-188 MuiInputLabel-formControl-193 MuiInputLabel-animated-196"
                data-shrink={false}
                htmlFor="sorting"
              >
                Sort by:
              </label>
              <div
                className="MuiInputBase-root-142 MuiInput-root-129 MuiInput-underline-133 MuiInputBase-fullWidth-151 MuiInput-fullWidth-136 MuiInputBase-formControl-143 MuiInput-formControl-130"
                onClick={[Function]}
              >
                <div
                  className="MuiSelect-root-206"
                >
                  <div
                    aria-haspopup="true"
                    aria-pressed="false"
                    className="MuiSelect-select-207 MuiSelect-selectMenu-210 MuiInputBase-input-152 MuiInput-input-137"
                    id="select-sorting"
                    onBlur={[Function]}
                    onClick={[Function]}
                    onFocus={[Function]}
                    onKeyDown={[Function]}
                    role="button"
                    tabIndex={0}
                  >
                    <span
                      dangerouslySetInnerHTML={
                        Object {
                          "__html": "&#8203;",
                        }
                      }
                    />
                  </div>
                  <input
                    id="sorting"
                    name="sorting"
                    type="hidden"
                    value=""
                  />
                  <svg
                    aria-hidden="true"
                    className="MuiSvgIcon-root-213 MuiSelect-icon-212"
                    focusable="false"
                    role="presentation"
                    viewBox="0 0 24 24"
                  >
                    <path
                      d="M7 10l5 5 5-5z"
                    />
                  </svg>
                </div>
              </div>
            </div>
          </div>
          <div
            className="MuiGrid-item-2 MuiGrid-grid-xs-2-31"
          >
            
          </div>
          <div
            className="MuiGrid-item-2 MuiGrid-grid-xs-3-32"
          >
            
          </div>
        </div>
        <div
          className="MuiGrid-container-1"
        >
          <div
            className="MuiGrid-item-2 MuiGrid-grid-xs-12-41"
          >
            <p
              style={
                Object {
                  "display": "inline-block",
                  "padding": "1%",
                  "width": "auto",
                }
              }
            >
              <b>
                Max: 
              </b>
               
              0
            </p>
            <p
              style={
                Object {
                  "display": "inline-block",
                  "padding": "1%",
                  "width": "auto",
                }
              }
            >
              <b>
                Min: 
              </b>
               
              0
            </p>
            <p
              style={
                Object {
                  "display": "inline-block",
                  "padding": "1%",
                  "width": "auto",
                }
              }
            >
              <b>
                Total: 
              </b>
               
              0
            </p>
          </div>
        </div>
        <div
          className="MuiGrid-container-1"
        >
          <table
            className="MuiTable-root-226"
          >
            <tbody
              className="MuiTableBody-root-227"
            />
          </table>
        </div>
      </div>
    </div>
  </div>
</div>
`;
